exit:, main, 6
你猜怎么看： main, 6
